EN input_select NULL /home/jon/Public/elbert-scratch/n02_priority-encoder/input_select.vhd sub00/vhpl02 1411339735
AR input_select behavioral /home/jon/Public/elbert-scratch/n02_priority-encoder/input_select.vhd sub00/vhpl03 1411339736
AR decoder_2_4 behavioral /home/jon/Public/elbert-scratch/n02_priority-encoder/decoder_2_4.vhd sub00/vhpl05 1411339738
AR decoder_2_4 cond_arch /home/jon/Public/elbert-scratch/n02_priority-encoder/decoder_2_4.vhd sub00/vhpl01 1411338619
EN struct_desc NULL /home/jon/Public/elbert-scratch/n02_priority-encoder/struct_desc.vhd sub00/vhpl04 1411339739
EN decoder_2_4 NULL /home/jon/Public/elbert-scratch/n02_priority-encoder/decoder_2_4.vhd sub00/vhpl00 1411339737
AR struct_desc behavioral /home/jon/Public/elbert-scratch/n02_priority-encoder/struct_desc.vhd sub00/vhpl06 1411339740
