V3 9
FL /home/jon/Public/elbert-scratch/n02_priority-encoder/decoder_2_4.vhd 2014/09/21.18:46:39 P.20131013
EN work/decoder_2_4 1411339737 \
      FL /home/jon/Public/elbert-scratch/n02_priority-encoder/decoder_2_4.vhd \
      PB ieee/std_logic_1164 1381692176
AR work/decoder_2_4/Behavioral 1411339738 \
      FL /home/jon/Public/elbert-scratch/n02_priority-encoder/decoder_2_4.vhd \
      EN work/decoder_2_4 1411339737
FL /home/jon/Public/elbert-scratch/n02_priority-encoder/input_select.vhd 2014/09/21.18:30:00 P.20131013
EN work/input_select 1411339735 \
      FL /home/jon/Public/elbert-scratch/n02_priority-encoder/input_select.vhd \
      PB ieee/std_logic_1164 1381692176
AR work/input_select/Behavioral 1411339736 \
      FL /home/jon/Public/elbert-scratch/n02_priority-encoder/input_select.vhd \
      EN work/input_select 1411339735
FL /home/jon/Public/elbert-scratch/n02_priority-encoder/struct_desc.vhd 2014/09/21.18:46:05 P.20131013
EN work/struct_desc 1411339739 \
      FL /home/jon/Public/elbert-scratch/n02_priority-encoder/struct_desc.vhd \
      PB ieee/std_logic_1164 1381692176
AR work/struct_desc/Behavioral 1411339740 \
      FL /home/jon/Public/elbert-scratch/n02_priority-encoder/struct_desc.vhd \
      EN work/struct_desc 1411339739 AR work/input_select/Behavioral 1411339736 \
      AR work/decoder_2_4/Behavioral 1411339738
