EN comparitor NULL /home/jon/Public/elbert-scratch/00_1-bit-comparitor/comparitor/comparitor.vhd sub00/vhpl00 1411333325
AR comparitor behavioral /home/jon/Public/elbert-scratch/00_1-bit-comparitor/comparitor/comparitor.vhd sub00/vhpl01 1411234964
AR comparitor_2bit eq2 /home/jon/Public/elbert-scratch/00_1-bit-comparitor/comparitor/comparitor_2bit.vhd sub00/vhpl04 1411333328
AR comparitor eq1 /home/jon/Public/elbert-scratch/00_1-bit-comparitor/comparitor/comparitor.vhd sub00/vhpl02 1411333326
EN comparitor_2bit NULL /home/jon/Public/elbert-scratch/00_1-bit-comparitor/comparitor/comparitor_2bit.vhd sub00/vhpl03 1411333327
